Loading weights from local directory
{"gates": true}
{"episode_seed": 0, "success": false, "max_progress": 0.9646111752055637, "control_steps": 300}
{"episode_seed": 1, "success": true, "max_progress": 1.0, "control_steps": 265}
{"episode_seed": 2, "success": false, "max_progress": 0.9782020739004068, "control_steps": 300}
{"episode_seed": 3, "success": true, "max_progress": 1.0, "control_steps": 131}
{"episode_seed": 4, "success": true, "max_progress": 1.0, "control_steps": 297}
{"episode_seed": 5, "success": false, "max_progress": 0.9702878843640221, "control_steps": 300}
{"episode_seed": 6, "success": true, "max_progress": 1.0, "control_steps": 295}
{"episode_seed": 7, "success": true, "max_progress": 1.0, "control_steps": 288}
{"episode_seed": 8, "success": true, "max_progress": 1.0, "control_steps": 87}
{"episode_seed": 9, "success": false, "max_progress": 0.9904033818765439, "control_steps": 300}
{"episode_seed": 10, "success": false, "max_progress": 0.9872701356185286, "control_steps": 300}
{"episode_seed": 11, "success": true, "max_progress": 1.0, "control_steps": 280}
{"episode_seed": 12, "success": false, "max_progress": 0.9915637093973533, "control_steps": 300}
{"episode_seed": 13, "success": true, "max_progress": 1.0, "control_steps": 249}
{"episode_seed": 14, "success": true, "max_progress": 1.0, "control_steps": 224}
{"episode_seed": 15, "success": true, "max_progress": 1.0, "control_steps": 256}
{"episode_seed": 16, "success": false, "max_progress": 0.9852351849084166, "control_steps": 300}
{"episode_seed": 17, "success": true, "max_progress": 1.0, "control_steps": 104}
{"episode_seed": 18, "success": false, "max_progress": 0.9949308695093336, "control_steps": 300}
{"episode_seed": 19, "success": true, "max_progress": 1.0, "control_steps": 105}
{"episode_seed": 20, "success": true, "max_progress": 1.0, "control_steps": 137}
{"episode_seed": 21, "success": true, "max_progress": 1.0, "control_steps": 115}
{"episode_seed": 22, "success": true, "max_progress": 1.0, "control_steps": 120}
{"episode_seed": 23, "success": true, "max_progress": 1.0, "control_steps": 193}
{"episode_seed": 24, "success": true, "max_progress": 1.0, "control_steps": 184}
{"episode_seed": 25, "success": true, "max_progress": 1.0, "control_steps": 194}
{"episode_seed": 26, "success": true, "max_progress": 1.0, "control_steps": 144}
{"episode_seed": 27, "success": true, "max_progress": 1.0, "control_steps": 109}
{"episode_seed": 28, "success": false, "max_progress": 0.9974183434259323, "control_steps": 300}
{"episode_seed": 29, "success": true, "max_progress": 1.0, "control_steps": 120}
{"episode_seed": 30, "success": true, "max_progress": 1.0, "control_steps": 111}
{"episode_seed": 31, "success": false, "max_progress": 0.9732192254449641, "control_steps": 300}
{"episode_seed": 32, "success": false, "max_progress": 0.9634769392577475, "control_steps": 300}
{"episode_seed": 33, "success": false, "max_progress": 0.9977469558552502, "control_steps": 300}
{"episode_seed": 34, "success": true, "max_progress": 1.0, "control_steps": 210}
{"episode_seed": 35, "success": true, "max_progress": 1.0, "control_steps": 290}
{"episode_seed": 36, "success": true, "max_progress": 1.0, "control_steps": 167}
{"episode_seed": 37, "success": false, "max_progress": 0.9836120144578548, "control_steps": 300}
{"episode_seed": 38, "success": true, "max_progress": 1.0, "control_steps": 239}
{"episode_seed": 39, "success": true, "max_progress": 1.0, "control_steps": 136}
{"episode_seed": 40, "success": true, "max_progress": 1.0, "control_steps": 200}
{"episode_seed": 41, "success": true, "max_progress": 1.0, "control_steps": 89}
{"episode_seed": 42, "success": true, "max_progress": 1.0, "control_steps": 138}
{"episode_seed": 43, "success": true, "max_progress": 1.0, "control_steps": 121}
{"episode_seed": 44, "success": false, "max_progress": 0.9994699773839865, "control_steps": 300}
{"episode_seed": 45, "success": true, "max_progress": 1.0, "control_steps": 228}
{"episode_seed": 46, "success": false, "max_progress": 0.9807956244577521, "control_steps": 300}
{"episode_seed": 47, "success": true, "max_progress": 1.0, "control_steps": 104}
{"episode_seed": 48, "success": false, "max_progress": 0.997980948984963, "control_steps": 300}
{"episode_seed": 49, "success": false, "max_progress": 0.9574930401946964, "control_steps": 300}
{"episodes": 50, "seed_start": 0, "success_rate": 0.66, "mean_max_progress": 0.9942743496848663, "shared_batch_model_nfe": 3800, "batch_wall_clock_seconds": 71.91345445200001}
